******************************************************************************
                  TI ARM Linker PC v20.2.7                     
******************************************************************************
>> Linked Mon Jan 27 15:59:10 2025

OUTPUT FILE NAME:   <EEPROM_LIB.out>
ENTRY POINT SYMBOL: "_c_int00_noinit_noargs"  address: 0000080d


MEMORY CONFIGURATION

         name            origin    length      used     unused   attr    fill
----------------------  --------  ---------  --------  --------  ----  --------
  FLASH                 00000000   00040000  000009ea  0003f616  R  X
  SRAM                  20000000   00008000  00000200  00007e00  RW X


SEGMENT ALLOCATION MAP

run origin  load origin   length   init length attrs members
----------  ----------- ---------- ----------- ----- -------
00000000    00000000    000009ec   000009ec    r-x
  00000000    00000000    0000026c   0000026c    r-- .intvecs
  0000026c    0000026c    00000682   00000682    r-x .text
  000008f0    000008f0    000000fc   000000fc    r-- .const
20000000    20000000    00000200   00000000    rw-
  20000000    20000000    00000200   00000000    rw- .stack


SECTION ALLOCATION MAP

 output                                  attributes/
section   page    origin      length       input sections
--------  ----  ----------  ----------   ----------------
.intvecs   0    00000000    0000026c     
                  00000000    0000026c     tm4c123gh6pm_startup_ccs.obj (.intvecs)

.text      0    0000026c    00000682     
                  0000026c    0000016c     driverlib.lib : gpio.obj (.text:GPIOPadConfigSet)
                  000003d8    00000160     main.obj (.text)
                  00000538    00000118     driverlib.lib : sysctl.obj (.text:SysCtlClockGet)
                  00000650    00000050                   : sysctl.obj (.text:SysCtlPeripheralReset)
                  000006a0    0000004c                   : gpio.obj (.text:GPIOPinConfigure)
                  000006ec    00000046                   : uart.obj (.text:UARTConfigSetExpClk)
                  00000732    00000002     --HOLE-- [fill = 0]
                  00000734    00000040                   : eeprom.obj (.text:EEPROMInit)
                  00000774    00000038                   : sysctl.obj (.text:SysCtlPeripheralReady)
                  000007ac    00000034                   : sysctl.obj (.text:SysCtlPeripheralEnable)
                  000007e0    0000002c                   : gpio.obj (.text:GPIODirModeSet)
                  0000080c    0000002c     rtsv7M4_T_le_v4SPD16_eabi.lib : boot_cortex_m.c.obj (.text:_c_int00_noinit_noargs:_c_int00_noinit_noargs)
                  00000838    00000020     driverlib.lib : uart.obj (.text:UARTDisable)
                  00000858    0000001a                   : gpio.obj (.text:GPIOPinTypeGPIOOutput)
                  00000872    00000016                   : gpio.obj (.text:GPIOPinTypeUART)
                  00000888    00000014                   : uart.obj (.text:UARTEnable)
                  0000089c    00000010                   : eeprom.obj (.text:_EEPROMWaitForDone)
                  000008ac    0000000e                   : uart.obj (.text:UARTCharsAvail)
                  000008ba    0000000c     tm4c123gh6pm_startup_ccs.obj (.text)
                  000008c6    0000000a     driverlib.lib : uart.obj (.text:UARTCharGet)
                  000008d0    0000000a                   : uart.obj (.text:UARTCharPut)
                  000008da    00000006                   : gpio.obj (.text:GPIOPinWrite)
                  000008e0    00000006                   : sysctl.obj (.text:SysCtlDelay)
                  000008e6    00000004     rtsv7M4_T_le_v4SPD16_eabi.lib : pre_init.c.obj (.text:_system_pre_init)
                  000008ea    00000004                                   : exit.c.obj (.text:abort:abort)

.const     0    000008f0    000000fc     
                  000008f0    00000090     driverlib.lib : gpio.obj (.const:g_pui32GPIOBaseAddrs)
                  00000980    0000006c                   : sysctl.obj (.const:g_pui32Xtals)

.cinit     0    00000000    00000000     UNINITIALIZED

.init_array 
*          0    00000000    00000000     UNINITIALIZED

.stack     0    20000000    00000200     UNINITIALIZED
                  20000000    00000004     rtsv7M4_T_le_v4SPD16_eabi.lib : boot_cortex_m.c.obj (.stack)
                  20000004    000001fc     --HOLE--

__llvm_prf_cnts 
*          0    20000000    00000000     UNINITIALIZED

MODULE SUMMARY

       Module                         code   ro data   rw data
       ------                         ----   -------   -------
    .\
       tm4c123gh6pm_startup_ccs.obj   12     620       0      
       main.obj                       352    0         0      
    +--+------------------------------+------+---------+---------+
       Total:                         364    620       0      
                                                              
    C:/ti/TivaWare_C_Series-2.2.0.295/driverlib/ccs/Debug/driverlib.lib
       gpio.obj                       538    144       0      
       sysctl.obj                     474    108       0      
       uart.obj                       156    0         0      
       eeprom.obj                     80     0         0      
    +--+------------------------------+------+---------+---------+
       Total:                         1248   252       0      
                                                              
    C:\ti\ccs1281\ccs\tools\compiler\ti-cgt-arm_20.2.7.LTS\lib\rtsv7M4_T_le_v4SPD16_eabi.lib
       boot_cortex_m.c.obj            44     0         0      
       exit.c.obj                     4      0         0      
       pre_init.c.obj                 4      0         0      
    +--+------------------------------+------+---------+---------+
       Total:                         52     0         0      
                                                              
       Stack:                         0      0         512    
    +--+------------------------------+------+---------+---------+
       Grand Total:                   1664   872       512    


GLOBAL SYMBOLS: SORTED ALPHABETICALLY BY Name 

address   name                   
-------   ----                   
000008eb  C$$EXIT                
00000735  EEPROMInit             
000007e1  GPIODirModeSet         
0000026d  GPIOPadConfigSet       
000006a1  GPIOPinConfigure       
00000859  GPIOPinTypeGPIOOutput  
00000873  GPIOPinTypeUART        
000008db  GPIOPinWrite           
000008bb  ResetISR               
00000539  SysCtlClockGet         
000008e1  SysCtlDelay            
000007ad  SysCtlPeripheralEnable 
00000775  SysCtlPeripheralReady  
00000651  SysCtlPeripheralReset  
000008c7  UARTCharGet            
000008d1  UARTCharPut            
000008ad  UARTCharsAvail         
000006ed  UARTConfigSetExpClk    
00000839  UARTDisable            
00000889  UARTEnable             
20000200  __STACK_END            
00000200  __STACK_SIZE           
20000200  __STACK_TOP            
ffffffff  __TI_pprof_out_hndl    
ffffffff  __TI_prof_data_size    
ffffffff  __TI_prof_data_start   
00000000  __TI_static_base__     
ffffffff  __binit__              
ffffffff  __c_args__             
UNDEFED   __mpu_init             
20000000  __stack                
20000000  __start___llvm_prf_cnts
20000000  __stop___llvm_prf_cnts 
0000080d  _c_int00_noinit_noargs 
000008e7  _system_pre_init       
000008eb  abort                  
ffffffff  binit                  
000004c3  blinkLED               
00000421  configureEEPROM        
000003d9  configureUART          
00000000  g_pfnVectors           
0000042f  getCommand             
0000047d  loop                   
000004ff  main                   


GLOBAL SYMBOLS: SORTED BY Symbol Address 

address   name                   
-------   ----                   
00000000  __TI_static_base__     
00000000  g_pfnVectors           
00000200  __STACK_SIZE           
0000026d  GPIOPadConfigSet       
000003d9  configureUART          
00000421  configureEEPROM        
0000042f  getCommand             
0000047d  loop                   
000004c3  blinkLED               
000004ff  main                   
00000539  SysCtlClockGet         
00000651  SysCtlPeripheralReset  
000006a1  GPIOPinConfigure       
000006ed  UARTConfigSetExpClk    
00000735  EEPROMInit             
00000775  SysCtlPeripheralReady  
000007ad  SysCtlPeripheralEnable 
000007e1  GPIODirModeSet         
0000080d  _c_int00_noinit_noargs 
00000839  UARTDisable            
00000859  GPIOPinTypeGPIOOutput  
00000873  GPIOPinTypeUART        
00000889  UARTEnable             
000008ad  UARTCharsAvail         
000008bb  ResetISR               
000008c7  UARTCharGet            
000008d1  UARTCharPut            
000008db  GPIOPinWrite           
000008e1  SysCtlDelay            
000008e7  _system_pre_init       
000008eb  C$$EXIT                
000008eb  abort                  
20000000  __stack                
20000000  __start___llvm_prf_cnts
20000000  __stop___llvm_prf_cnts 
20000200  __STACK_END            
20000200  __STACK_TOP            
ffffffff  __TI_pprof_out_hndl    
ffffffff  __TI_prof_data_size    
ffffffff  __TI_prof_data_start   
ffffffff  __binit__              
ffffffff  __c_args__             
ffffffff  binit                  
UNDEFED   __mpu_init             

[44 symbols]
