******************************************************************************
                  TI ARM Linker PC v20.2.7                     
******************************************************************************
>> Linked Thu Jan 30 10:07:11 2025

OUTPUT FILE NAME:   <TivaC_sensor_reading.out>
ENTRY POINT SYMBOL: "_c_int00_noinit_noargs"  address: 00000a41


MEMORY CONFIGURATION

         name            origin    length      used     unused   attr    fill
----------------------  --------  ---------  --------  --------  ----  --------
  FLASH                 00000000   00040000  00000c76  0003f38a  R  X
  SRAM                  20000000   00008000  00000200  00007e00  RW X


SEGMENT ALLOCATION MAP

run origin  load origin   length   init length attrs members
----------  ----------- ---------- ----------- ----- -------
00000000    00000000    00000c78   00000c78    r-x
  00000000    00000000    0000026c   0000026c    r-- .intvecs
  0000026c    0000026c    0000090e   0000090e    r-x .text
  00000b7c    00000b7c    000000fc   000000fc    r-- .const
20000000    20000000    00000200   00000000    rw-
  20000000    20000000    00000200   00000000    rw- .stack


SECTION ALLOCATION MAP

 output                                  attributes/
section   page    origin      length       input sections
--------  ----  ----------  ----------   ----------------
.intvecs   0    00000000    0000026c     
                  00000000    0000026c     tm4c123gh6pm_startup_ccs.obj (.intvecs)

.text      0    0000026c    0000090e     
                  0000026c    000002e4     main.obj (.text)
                  00000550    0000016c     driverlib.lib : gpio.obj (.text:GPIOPadConfigSet)
                  000006bc    00000118                   : sysctl.obj (.text:SysCtlClockGet)
                  000007d4    000000f4                   : sysctl.obj (.text:SysCtlClockSet)
                  000008c8    0000004c                   : gpio.obj (.text:GPIOPinConfigure)
                  00000914    0000004c                   : i2c.obj (.text:I2CMasterInitExpClk)
                  00000960    00000046                   : uart.obj (.text:UARTConfigSetExpClk)
                  000009a6    00000002     --HOLE-- [fill = 0]
                  000009a8    00000038                   : sysctl.obj (.text:SysCtlPeripheralReady)
                  000009e0    00000034                   : sysctl.obj (.text:SysCtlPeripheralEnable)
                  00000a14    0000002c                   : gpio.obj (.text:GPIODirModeSet)
                  00000a40    0000002c     rtsv7M4_T_le_v4SPD16_eabi.lib : boot_cortex_m.c.obj (.text:_c_int00_noinit_noargs:_c_int00_noinit_noargs)
                  00000a6c    00000020     driverlib.lib : uart.obj (.text:UARTDisable)
                  00000a8c    0000001a                   : gpio.obj (.text:GPIOPinTypeGPIOOutput)
                  00000aa6    00000016                   : gpio.obj (.text:GPIOPinTypeI2C)
                  00000abc    00000016                   : gpio.obj (.text:GPIOPinTypeI2CSCL)
                  00000ad2    00000016                   : gpio.obj (.text:GPIOPinTypeUART)
                  00000ae8    00000016                   : i2c.obj (.text:I2CMasterErr)
                  00000afe    00000014                   : uart.obj (.text:UARTEnable)
                  00000b12    0000000e                   : uart.obj (.text:UARTCharsAvail)
                  00000b20    0000000c     tm4c123gh6pm_startup_ccs.obj (.text)
                  00000b2c    0000000a     driverlib.lib : i2c.obj (.text:I2CMasterEnable)
                  00000b36    0000000a                   : uart.obj (.text:UARTCharGet)
                  00000b40    0000000a                   : uart.obj (.text:UARTCharPut)
                  00000b4a    00000008                   : i2c.obj (.text:I2CMasterBusy)
                  00000b52    00000008                   : i2c.obj (.text:I2CMasterSlaveAddrSet)
                  00000b5a    00000006                   : gpio.obj (.text:GPIOPinWrite)
                  00000b60    00000006                   : sysctl.obj (.text:SysCtlDelay)
                  00000b66    00000004                   : i2c.obj (.text:I2CMasterControl)
                  00000b6a    00000004                   : i2c.obj (.text:I2CMasterDataGet)
                  00000b6e    00000004                   : i2c.obj (.text:I2CMasterDataPut)
                  00000b72    00000004     rtsv7M4_T_le_v4SPD16_eabi.lib : pre_init.c.obj (.text:_system_pre_init)
                  00000b76    00000004                                   : exit.c.obj (.text:abort:abort)

.const     0    00000b7c    000000fc     
                  00000b7c    00000090     driverlib.lib : gpio.obj (.const:g_pui32GPIOBaseAddrs)
                  00000c0c    0000006c                   : sysctl.obj (.const:g_pui32Xtals)

.cinit     0    00000000    00000000     UNINITIALIZED

.init_array 
*          0    00000000    00000000     UNINITIALIZED

.stack     0    20000000    00000200     UNINITIALIZED
                  20000000    00000004     rtsv7M4_T_le_v4SPD16_eabi.lib : boot_cortex_m.c.obj (.stack)
                  20000004    000001fc     --HOLE--

__llvm_prf_cnts 
*          0    20000000    00000000     UNINITIALIZED

MODULE SUMMARY

       Module                         code   ro data   rw data
       ------                         ----   -------   -------
    .\
       main.obj                       740    0         0      
       tm4c123gh6pm_startup_ccs.obj   12     620       0      
    +--+------------------------------+------+---------+---------+
       Total:                         752    620       0      
                                                              
    C:/ti/TivaWare_C_Series-2.2.0.295/driverlib/ccs/Debug/driverlib.lib
       sysctl.obj                     638    108       0      
       gpio.obj                       582    144       0      
       uart.obj                       156    0         0      
       i2c.obj                        136    0         0      
    +--+------------------------------+------+---------+---------+
       Total:                         1512   252       0      
                                                              
    C:\ti\ccs1281\ccs\tools\compiler\ti-cgt-arm_20.2.7.LTS\lib\rtsv7M4_T_le_v4SPD16_eabi.lib
       boot_cortex_m.c.obj            44     0         0      
       exit.c.obj                     4      0         0      
       pre_init.c.obj                 4      0         0      
    +--+------------------------------+------+---------+---------+
       Total:                         52     0         0      
                                                              
       Stack:                         0      0         512    
    +--+------------------------------+------+---------+---------+
       Grand Total:                   2316   872       512    


GLOBAL SYMBOLS: SORTED ALPHABETICALLY BY Name 

address   name                   
-------   ----                   
00000b77  C$$EXIT                
00000a15  GPIODirModeSet         
00000551  GPIOPadConfigSet       
000008c9  GPIOPinConfigure       
00000a8d  GPIOPinTypeGPIOOutput  
00000aa7  GPIOPinTypeI2C         
00000abd  GPIOPinTypeI2CSCL      
00000ad3  GPIOPinTypeUART        
00000b5b  GPIOPinWrite           
00000b4b  I2CMasterBusy          
00000b67  I2CMasterControl       
00000b6b  I2CMasterDataGet       
00000b6f  I2CMasterDataPut       
00000b2d  I2CMasterEnable        
00000ae9  I2CMasterErr           
00000915  I2CMasterInitExpClk    
00000b53  I2CMasterSlaveAddrSet  
0000026d  InitI2C                
000003a1  InitUART               
00000b21  ResetISR               
000006bd  SysCtlClockGet         
000007d5  SysCtlClockSet         
00000b61  SysCtlDelay            
000009e1  SysCtlPeripheralEnable 
000009a9  SysCtlPeripheralReady  
00000b37  UARTCharGet            
00000b41  UARTCharPut            
00000b13  UARTCharsAvail         
00000961  UARTConfigSetExpClk    
00000a6d  UARTDisable            
00000aff  UARTEnable             
20000200  __STACK_END            
00000200  __STACK_SIZE           
20000200  __STACK_TOP            
ffffffff  __TI_pprof_out_hndl    
ffffffff  __TI_prof_data_size    
ffffffff  __TI_prof_data_start   
00000000  __TI_static_base__     
ffffffff  __binit__              
ffffffff  __c_args__             
UNDEFED   __mpu_init             
20000000  __stack                
20000000  __start___llvm_prf_cnts
20000000  __stop___llvm_prf_cnts 
00000a41  _c_int00_noinit_noargs 
00000b73  _system_pre_init       
00000b77  abort                  
000002c5  addressExists          
ffffffff  binit                  
0000047d  blinkLED               
00000000  g_pfnVectors           
000003e9  getCommand             
00000437  loop                   
000004b9  main                   
00000347  readSensorI2C          
000002f9  scanI2CAddress         


GLOBAL SYMBOLS: SORTED BY Symbol Address 

address   name                   
-------   ----                   
00000000  __TI_static_base__     
00000000  g_pfnVectors           
00000200  __STACK_SIZE           
0000026d  InitI2C                
000002c5  addressExists          
000002f9  scanI2CAddress         
00000347  readSensorI2C          
000003a1  InitUART               
000003e9  getCommand             
00000437  loop                   
0000047d  blinkLED               
000004b9  main                   
00000551  GPIOPadConfigSet       
000006bd  SysCtlClockGet         
000007d5  SysCtlClockSet         
000008c9  GPIOPinConfigure       
00000915  I2CMasterInitExpClk    
00000961  UARTConfigSetExpClk    
000009a9  SysCtlPeripheralReady  
000009e1  SysCtlPeripheralEnable 
00000a15  GPIODirModeSet         
00000a41  _c_int00_noinit_noargs 
00000a6d  UARTDisable            
00000a8d  GPIOPinTypeGPIOOutput  
00000aa7  GPIOPinTypeI2C         
00000abd  GPIOPinTypeI2CSCL      
00000ad3  GPIOPinTypeUART        
00000ae9  I2CMasterErr           
00000aff  UARTEnable             
00000b13  UARTCharsAvail         
00000b21  ResetISR               
00000b2d  I2CMasterEnable        
00000b37  UARTCharGet            
00000b41  UARTCharPut            
00000b4b  I2CMasterBusy          
00000b53  I2CMasterSlaveAddrSet  
00000b5b  GPIOPinWrite           
00000b61  SysCtlDelay            
00000b67  I2CMasterControl       
00000b6b  I2CMasterDataGet       
00000b6f  I2CMasterDataPut       
00000b73  _system_pre_init       
00000b77  C$$EXIT                
00000b77  abort                  
20000000  __stack                
20000000  __start___llvm_prf_cnts
20000000  __stop___llvm_prf_cnts 
20000200  __STACK_END            
20000200  __STACK_TOP            
ffffffff  __TI_pprof_out_hndl    
ffffffff  __TI_prof_data_size    
ffffffff  __TI_prof_data_start   
ffffffff  __binit__              
ffffffff  __c_args__             
ffffffff  binit                  
UNDEFED   __mpu_init             

[56 symbols]
