******************************************************************************
                  TI ARM Linker PC v20.2.7                     
******************************************************************************
>> Linked Tue Jan 28 20:05:15 2025

OUTPUT FILE NAME:   <TivaC_sensor_reading.out>
ENTRY POINT SYMBOL: "_c_int00_noinit_noargs"  address: 000007b9


MEMORY CONFIGURATION

         name            origin    length      used     unused   attr    fill
----------------------  --------  ---------  --------  --------  ----  --------
  FLASH                 00000000   00040000  000009b2  0003f64e  R  X
  SRAM                  20000000   00008000  00000200  00007e00  RW X


SEGMENT ALLOCATION MAP

run origin  load origin   length   init length attrs members
----------  ----------- ---------- ----------- ----- -------
00000000    00000000    000009b4   000009b4    r-x
  00000000    00000000    0000026c   0000026c    r-- .intvecs
  0000026c    0000026c    0000064a   0000064a    r-x .text
  000008b8    000008b8    000000fc   000000fc    r-- .const
20000000    20000000    00000200   00000000    rw-
  20000000    20000000    00000200   00000000    rw- .stack


SECTION ALLOCATION MAP

 output                                  attributes/
section   page    origin      length       input sections
--------  ----  ----------  ----------   ----------------
.intvecs   0    00000000    0000026c     
                  00000000    0000026c     tm4c123gh6pm_startup_ccs.obj (.intvecs)

.text      0    0000026c    0000064a     
                  0000026c    0000019c     main.obj (.text)
                  00000408    0000016c     driverlib.lib : gpio.obj (.text:GPIOPadConfigSet)
                  00000574    00000118                   : sysctl.obj (.text:SysCtlClockGet)
                  0000068c    0000004c                   : gpio.obj (.text:GPIOPinConfigure)
                  000006d8    00000046                   : uart.obj (.text:UARTConfigSetExpClk)
                  0000071e    00000002     --HOLE-- [fill = 0]
                  00000720    00000038                   : sysctl.obj (.text:SysCtlPeripheralReady)
                  00000758    00000034                   : sysctl.obj (.text:SysCtlPeripheralEnable)
                  0000078c    0000002c                   : gpio.obj (.text:GPIODirModeSet)
                  000007b8    0000002c     rtsv7M4_T_le_v4SPD16_eabi.lib : boot_cortex_m.c.obj (.text:_c_int00_noinit_noargs:_c_int00_noinit_noargs)
                  000007e4    00000020     driverlib.lib : uart.obj (.text:UARTDisable)
                  00000804    0000001a                   : gpio.obj (.text:GPIOPinTypeGPIOOutput)
                  0000081e    00000016                   : gpio.obj (.text:GPIOPinTypeI2C)
                  00000834    00000016                   : gpio.obj (.text:GPIOPinTypeI2CSCL)
                  0000084a    00000016                   : gpio.obj (.text:GPIOPinTypeUART)
                  00000860    00000014                   : uart.obj (.text:UARTEnable)
                  00000874    0000000e                   : uart.obj (.text:UARTCharsAvail)
                  00000882    0000000c     tm4c123gh6pm_startup_ccs.obj (.text)
                  0000088e    0000000a     driverlib.lib : uart.obj (.text:UARTCharGet)
                  00000898    0000000a                   : uart.obj (.text:UARTCharPut)
                  000008a2    00000006                   : gpio.obj (.text:GPIOPinWrite)
                  000008a8    00000006                   : sysctl.obj (.text:SysCtlDelay)
                  000008ae    00000004     rtsv7M4_T_le_v4SPD16_eabi.lib : pre_init.c.obj (.text:_system_pre_init)
                  000008b2    00000004                                   : exit.c.obj (.text:abort:abort)

.const     0    000008b8    000000fc     
                  000008b8    00000090     driverlib.lib : gpio.obj (.const:g_pui32GPIOBaseAddrs)
                  00000948    0000006c                   : sysctl.obj (.const:g_pui32Xtals)

.cinit     0    00000000    00000000     UNINITIALIZED

.init_array 
*          0    00000000    00000000     UNINITIALIZED

.stack     0    20000000    00000200     UNINITIALIZED
                  20000000    00000004     rtsv7M4_T_le_v4SPD16_eabi.lib : boot_cortex_m.c.obj (.stack)
                  20000004    000001fc     --HOLE--

__llvm_prf_cnts 
*          0    20000000    00000000     UNINITIALIZED

MODULE SUMMARY

       Module                         code   ro data   rw data
       ------                         ----   -------   -------
    .\
       tm4c123gh6pm_startup_ccs.obj   12     620       0      
       main.obj                       412    0         0      
    +--+------------------------------+------+---------+---------+
       Total:                         424    620       0      
                                                              
    C:/ti/TivaWare_C_Series-2.2.0.295/driverlib/ccs/Debug/driverlib.lib
       gpio.obj                       582    144       0      
       sysctl.obj                     394    108       0      
       uart.obj                       156    0         0      
    +--+------------------------------+------+---------+---------+
       Total:                         1132   252       0      
                                                              
    C:\ti\ccs1281\ccs\tools\compiler\ti-cgt-arm_20.2.7.LTS\lib\rtsv7M4_T_le_v4SPD16_eabi.lib
       boot_cortex_m.c.obj            44     0         0      
       exit.c.obj                     4      0         0      
       pre_init.c.obj                 4      0         0      
    +--+------------------------------+------+---------+---------+
       Total:                         52     0         0      
                                                              
       Stack:                         0      0         512    
    +--+------------------------------+------+---------+---------+
       Grand Total:                   1608   872       512    


GLOBAL SYMBOLS: SORTED ALPHABETICALLY BY Name 

address   name                   
-------   ----                   
000008b3  C$$EXIT                
0000078d  GPIODirModeSet         
00000409  GPIOPadConfigSet       
0000068d  GPIOPinConfigure       
00000805  GPIOPinTypeGPIOOutput  
0000081f  GPIOPinTypeI2C         
00000835  GPIOPinTypeI2CSCL      
0000084b  GPIOPinTypeUART        
000008a3  GPIOPinWrite           
00000883  ResetISR               
00000575  SysCtlClockGet         
000008a9  SysCtlDelay            
00000759  SysCtlPeripheralEnable 
00000721  SysCtlPeripheralReady  
0000088f  UARTCharGet            
00000899  UARTCharPut            
00000875  UARTCharsAvail         
000006d9  UARTConfigSetExpClk    
000007e5  UARTDisable            
00000861  UARTEnable             
20000200  __STACK_END            
00000200  __STACK_SIZE           
20000200  __STACK_TOP            
ffffffff  __TI_pprof_out_hndl    
ffffffff  __TI_prof_data_size    
ffffffff  __TI_prof_data_start   
00000000  __TI_static_base__     
ffffffff  __binit__              
ffffffff  __c_args__             
UNDEFED   __mpu_init             
20000000  __stack                
20000000  __start___llvm_prf_cnts
20000000  __stop___llvm_prf_cnts 
000007b9  _c_int00_noinit_noargs 
000008af  _system_pre_init       
000008b3  abort                  
ffffffff  binit                  
0000038f  blinkLED               
0000026d  configureI2C           
000002b3  configureUART          
00000000  g_pfnVectors           
000002fb  getCommand             
00000349  loop                   
000003cb  main                   


GLOBAL SYMBOLS: SORTED BY Symbol Address 

address   name                   
-------   ----                   
00000000  __TI_static_base__     
00000000  g_pfnVectors           
00000200  __STACK_SIZE           
0000026d  configureI2C           
000002b3  configureUART          
000002fb  getCommand             
00000349  loop                   
0000038f  blinkLED               
000003cb  main                   
00000409  GPIOPadConfigSet       
00000575  SysCtlClockGet         
0000068d  GPIOPinConfigure       
000006d9  UARTConfigSetExpClk    
00000721  SysCtlPeripheralReady  
00000759  SysCtlPeripheralEnable 
0000078d  GPIODirModeSet         
000007b9  _c_int00_noinit_noargs 
000007e5  UARTDisable            
00000805  GPIOPinTypeGPIOOutput  
0000081f  GPIOPinTypeI2C         
00000835  GPIOPinTypeI2CSCL      
0000084b  GPIOPinTypeUART        
00000861  UARTEnable             
00000875  UARTCharsAvail         
00000883  ResetISR               
0000088f  UARTCharGet            
00000899  UARTCharPut            
000008a3  GPIOPinWrite           
000008a9  SysCtlDelay            
000008af  _system_pre_init       
000008b3  C$$EXIT                
000008b3  abort                  
20000000  __stack                
20000000  __start___llvm_prf_cnts
20000000  __stop___llvm_prf_cnts 
20000200  __STACK_END            
20000200  __STACK_TOP            
ffffffff  __TI_pprof_out_hndl    
ffffffff  __TI_prof_data_size    
ffffffff  __TI_prof_data_start   
ffffffff  __binit__              
ffffffff  __c_args__             
ffffffff  binit                  
UNDEFED   __mpu_init             

[44 symbols]
