******************************************************************************
                  TI ARM Linker PC v20.2.7                     
******************************************************************************
>> Linked Thu Jan 30 15:55:57 2025

OUTPUT FILE NAME:   <TivaC_sensor_reading.out>
ENTRY POINT SYMBOL: "_c_int00_noinit_noargs"  address: 00000a75


MEMORY CONFIGURATION

         name            origin    length      used     unused   attr    fill
----------------------  --------  ---------  --------  --------  ----  --------
  FLASH                 00000000   00040000  00000caa  0003f356  R  X
  SRAM                  20000000   00008000  00000200  00007e00  RW X


SEGMENT ALLOCATION MAP

run origin  load origin   length   init length attrs members
----------  ----------- ---------- ----------- ----- -------
00000000    00000000    00000cac   00000cac    r-x
  00000000    00000000    0000026c   0000026c    r-- .intvecs
  0000026c    0000026c    00000942   00000942    r-x .text
  00000bb0    00000bb0    000000fc   000000fc    r-- .const
20000000    20000000    00000200   00000000    rw-
  20000000    20000000    00000200   00000000    rw- .stack


SECTION ALLOCATION MAP

 output                                  attributes/
section   page    origin      length       input sections
--------  ----  ----------  ----------   ----------------
.intvecs   0    00000000    0000026c     
                  00000000    0000026c     tm4c123gh6pm_startup_ccs.obj (.intvecs)

.text      0    0000026c    00000942     
                  0000026c    00000318     main.obj (.text)
                  00000584    0000016c     driverlib.lib : gpio.obj (.text:GPIOPadConfigSet)
                  000006f0    00000118                   : sysctl.obj (.text:SysCtlClockGet)
                  00000808    000000f4                   : sysctl.obj (.text:SysCtlClockSet)
                  000008fc    0000004c                   : gpio.obj (.text:GPIOPinConfigure)
                  00000948    0000004c                   : i2c.obj (.text:I2CMasterInitExpClk)
                  00000994    00000046                   : uart.obj (.text:UARTConfigSetExpClk)
                  000009da    00000002     --HOLE-- [fill = 0]
                  000009dc    00000038                   : sysctl.obj (.text:SysCtlPeripheralReady)
                  00000a14    00000034                   : sysctl.obj (.text:SysCtlPeripheralEnable)
                  00000a48    0000002c                   : gpio.obj (.text:GPIODirModeSet)
                  00000a74    0000002c     rtsv7M4_T_le_v4SPD16_eabi.lib : boot_cortex_m.c.obj (.text:_c_int00_noinit_noargs:_c_int00_noinit_noargs)
                  00000aa0    00000020     driverlib.lib : uart.obj (.text:UARTDisable)
                  00000ac0    0000001a                   : gpio.obj (.text:GPIOPinTypeGPIOOutput)
                  00000ada    00000016                   : gpio.obj (.text:GPIOPinTypeI2C)
                  00000af0    00000016                   : gpio.obj (.text:GPIOPinTypeI2CSCL)
                  00000b06    00000016                   : gpio.obj (.text:GPIOPinTypeUART)
                  00000b1c    00000016                   : i2c.obj (.text:I2CMasterErr)
                  00000b32    00000014                   : uart.obj (.text:UARTEnable)
                  00000b46    0000000e                   : uart.obj (.text:UARTCharsAvail)
                  00000b54    0000000c     tm4c123gh6pm_startup_ccs.obj (.text)
                  00000b60    0000000a     driverlib.lib : i2c.obj (.text:I2CMasterEnable)
                  00000b6a    0000000a                   : uart.obj (.text:UARTCharGet)
                  00000b74    0000000a                   : uart.obj (.text:UARTCharPut)
                  00000b7e    00000008                   : i2c.obj (.text:I2CMasterBusy)
                  00000b86    00000008                   : i2c.obj (.text:I2CMasterSlaveAddrSet)
                  00000b8e    00000006                   : gpio.obj (.text:GPIOPinWrite)
                  00000b94    00000006                   : sysctl.obj (.text:SysCtlDelay)
                  00000b9a    00000004                   : i2c.obj (.text:I2CMasterControl)
                  00000b9e    00000004                   : i2c.obj (.text:I2CMasterDataGet)
                  00000ba2    00000004                   : i2c.obj (.text:I2CMasterDataPut)
                  00000ba6    00000004     rtsv7M4_T_le_v4SPD16_eabi.lib : pre_init.c.obj (.text:_system_pre_init)
                  00000baa    00000004                                   : exit.c.obj (.text:abort:abort)

.const     0    00000bb0    000000fc     
                  00000bb0    00000090     driverlib.lib : gpio.obj (.const:g_pui32GPIOBaseAddrs)
                  00000c40    0000006c                   : sysctl.obj (.const:g_pui32Xtals)

.cinit     0    00000000    00000000     UNINITIALIZED

.init_array 
*          0    00000000    00000000     UNINITIALIZED

.stack     0    20000000    00000200     UNINITIALIZED
                  20000000    00000004     rtsv7M4_T_le_v4SPD16_eabi.lib : boot_cortex_m.c.obj (.stack)
                  20000004    000001fc     --HOLE--

__llvm_prf_cnts 
*          0    20000000    00000000     UNINITIALIZED

MODULE SUMMARY

       Module                         code   ro data   rw data
       ------                         ----   -------   -------
    .\
       main.obj                       792    0         0      
       tm4c123gh6pm_startup_ccs.obj   12     620       0      
    +--+------------------------------+------+---------+---------+
       Total:                         804    620       0      
                                                              
    C:/ti/TivaWare_C_Series-2.2.0.295/driverlib/ccs/Debug/driverlib.lib
       sysctl.obj                     638    108       0      
       gpio.obj                       582    144       0      
       uart.obj                       156    0         0      
       i2c.obj                        136    0         0      
    +--+------------------------------+------+---------+---------+
       Total:                         1512   252       0      
                                                              
    C:\ti\ccs1281\ccs\tools\compiler\ti-cgt-arm_20.2.7.LTS\lib\rtsv7M4_T_le_v4SPD16_eabi.lib
       boot_cortex_m.c.obj            44     0         0      
       exit.c.obj                     4      0         0      
       pre_init.c.obj                 4      0         0      
    +--+------------------------------+------+---------+---------+
       Total:                         52     0         0      
                                                              
       Stack:                         0      0         512    
    +--+------------------------------+------+---------+---------+
       Grand Total:                   2368   872       512    


GLOBAL SYMBOLS: SORTED ALPHABETICALLY BY Name 

address   name                   
-------   ----                   
00000bab  C$$EXIT                
00000a49  GPIODirModeSet         
00000585  GPIOPadConfigSet       
000008fd  GPIOPinConfigure       
00000ac1  GPIOPinTypeGPIOOutput  
00000adb  GPIOPinTypeI2C         
00000af1  GPIOPinTypeI2CSCL      
00000b07  GPIOPinTypeUART        
00000b8f  GPIOPinWrite           
00000b7f  I2CMasterBusy          
00000b9b  I2CMasterControl       
00000b9f  I2CMasterDataGet       
00000ba3  I2CMasterDataPut       
00000b61  I2CMasterEnable        
00000b1d  I2CMasterErr           
00000949  I2CMasterInitExpClk    
00000b87  I2CMasterSlaveAddrSet  
0000026d  InitI2C                
000003f1  InitUART               
00000b55  ResetISR               
000006f1  SysCtlClockGet         
00000809  SysCtlClockSet         
00000b95  SysCtlDelay            
00000a15  SysCtlPeripheralEnable 
000009dd  SysCtlPeripheralReady  
00000b6b  UARTCharGet            
00000b75  UARTCharPut            
00000b47  UARTCharsAvail         
00000995  UARTConfigSetExpClk    
00000aa1  UARTDisable            
00000b33  UARTEnable             
20000200  __STACK_END            
00000200  __STACK_SIZE           
20000200  __STACK_TOP            
ffffffff  __TI_pprof_out_hndl    
ffffffff  __TI_prof_data_size    
ffffffff  __TI_prof_data_start   
00000000  __TI_static_base__     
ffffffff  __binit__              
ffffffff  __c_args__             
UNDEFED   __mpu_init             
20000000  __stack                
20000000  __start___llvm_prf_cnts
20000000  __stop___llvm_prf_cnts 
00000a75  _c_int00_noinit_noargs 
00000ba7  _system_pre_init       
00000bab  abort                  
000002c1  addressExists          
ffffffff  binit                  
000004cd  blinkLED               
00000000  g_pfnVectors           
00000439  getCommand             
00000487  loop                   
00000509  main                   
00000397  readRegisterI2C        
000002f5  scanI2CAddress         
00000343  writeRegisterI2C       


GLOBAL SYMBOLS: SORTED BY Symbol Address 

address   name                   
-------   ----                   
00000000  __TI_static_base__     
00000000  g_pfnVectors           
00000200  __STACK_SIZE           
0000026d  InitI2C                
000002c1  addressExists          
000002f5  scanI2CAddress         
00000343  writeRegisterI2C       
00000397  readRegisterI2C        
000003f1  InitUART               
00000439  getCommand             
00000487  loop                   
000004cd  blinkLED               
00000509  main                   
00000585  GPIOPadConfigSet       
000006f1  SysCtlClockGet         
00000809  SysCtlClockSet         
000008fd  GPIOPinConfigure       
00000949  I2CMasterInitExpClk    
00000995  UARTConfigSetExpClk    
000009dd  SysCtlPeripheralReady  
00000a15  SysCtlPeripheralEnable 
00000a49  GPIODirModeSet         
00000a75  _c_int00_noinit_noargs 
00000aa1  UARTDisable            
00000ac1  GPIOPinTypeGPIOOutput  
00000adb  GPIOPinTypeI2C         
00000af1  GPIOPinTypeI2CSCL      
00000b07  GPIOPinTypeUART        
00000b1d  I2CMasterErr           
00000b33  UARTEnable             
00000b47  UARTCharsAvail         
00000b55  ResetISR               
00000b61  I2CMasterEnable        
00000b6b  UARTCharGet            
00000b75  UARTCharPut            
00000b7f  I2CMasterBusy          
00000b87  I2CMasterSlaveAddrSet  
00000b8f  GPIOPinWrite           
00000b95  SysCtlDelay            
00000b9b  I2CMasterControl       
00000b9f  I2CMasterDataGet       
00000ba3  I2CMasterDataPut       
00000ba7  _system_pre_init       
00000bab  C$$EXIT                
00000bab  abort                  
20000000  __stack                
20000000  __start___llvm_prf_cnts
20000000  __stop___llvm_prf_cnts 
20000200  __STACK_END            
20000200  __STACK_TOP            
ffffffff  __TI_pprof_out_hndl    
ffffffff  __TI_prof_data_size    
ffffffff  __TI_prof_data_start   
ffffffff  __binit__              
ffffffff  __c_args__             
ffffffff  binit                  
UNDEFED   __mpu_init             

[57 symbols]
