******************************************************************************
                  TI ARM Linker PC v20.2.7                     
******************************************************************************
>> Linked Thu Jan 30 16:35:21 2025

OUTPUT FILE NAME:   <TivaC_sensor_reading.out>
ENTRY POINT SYMBOL: "_c_int00_noinit_noargs"  address: 00000a69


MEMORY CONFIGURATION

         name            origin    length      used     unused   attr    fill
----------------------  --------  ---------  --------  --------  ----  --------
  FLASH                 00000000   00040000  00000c9e  0003f362  R  X
  SRAM                  20000000   00008000  00000200  00007e00  RW X


SEGMENT ALLOCATION MAP

run origin  load origin   length   init length attrs members
----------  ----------- ---------- ----------- ----- -------
00000000    00000000    00000ca0   00000ca0    r-x
  00000000    00000000    0000026c   0000026c    r-- .intvecs
  0000026c    0000026c    00000936   00000936    r-x .text
  00000ba4    00000ba4    000000fc   000000fc    r-- .const
20000000    20000000    00000200   00000000    rw-
  20000000    20000000    00000200   00000000    rw- .stack


SECTION ALLOCATION MAP

 output                                  attributes/
section   page    origin      length       input sections
--------  ----  ----------  ----------   ----------------
.intvecs   0    00000000    0000026c     
                  00000000    0000026c     tm4c123gh6pm_startup_ccs.obj (.intvecs)

.text      0    0000026c    00000936     
                  0000026c    0000030c     main.obj (.text)
                  00000578    0000016c     driverlib.lib : gpio.obj (.text:GPIOPadConfigSet)
                  000006e4    00000118                   : sysctl.obj (.text:SysCtlClockGet)
                  000007fc    000000f4                   : sysctl.obj (.text:SysCtlClockSet)
                  000008f0    0000004c                   : gpio.obj (.text:GPIOPinConfigure)
                  0000093c    0000004c                   : i2c.obj (.text:I2CMasterInitExpClk)
                  00000988    00000046                   : uart.obj (.text:UARTConfigSetExpClk)
                  000009ce    00000002     --HOLE-- [fill = 0]
                  000009d0    00000038                   : sysctl.obj (.text:SysCtlPeripheralReady)
                  00000a08    00000034                   : sysctl.obj (.text:SysCtlPeripheralEnable)
                  00000a3c    0000002c                   : gpio.obj (.text:GPIODirModeSet)
                  00000a68    0000002c     rtsv7M4_T_le_v4SPD16_eabi.lib : boot_cortex_m.c.obj (.text:_c_int00_noinit_noargs:_c_int00_noinit_noargs)
                  00000a94    00000020     driverlib.lib : uart.obj (.text:UARTDisable)
                  00000ab4    0000001a                   : gpio.obj (.text:GPIOPinTypeGPIOOutput)
                  00000ace    00000016                   : gpio.obj (.text:GPIOPinTypeI2C)
                  00000ae4    00000016                   : gpio.obj (.text:GPIOPinTypeI2CSCL)
                  00000afa    00000016                   : gpio.obj (.text:GPIOPinTypeUART)
                  00000b10    00000016                   : i2c.obj (.text:I2CMasterErr)
                  00000b26    00000014                   : uart.obj (.text:UARTEnable)
                  00000b3a    0000000e                   : uart.obj (.text:UARTCharsAvail)
                  00000b48    0000000c     tm4c123gh6pm_startup_ccs.obj (.text)
                  00000b54    0000000a     driverlib.lib : i2c.obj (.text:I2CMasterEnable)
                  00000b5e    0000000a                   : uart.obj (.text:UARTCharGet)
                  00000b68    0000000a                   : uart.obj (.text:UARTCharPut)
                  00000b72    00000008                   : i2c.obj (.text:I2CMasterBusy)
                  00000b7a    00000008                   : i2c.obj (.text:I2CMasterSlaveAddrSet)
                  00000b82    00000006                   : gpio.obj (.text:GPIOPinWrite)
                  00000b88    00000006                   : sysctl.obj (.text:SysCtlDelay)
                  00000b8e    00000004                   : i2c.obj (.text:I2CMasterControl)
                  00000b92    00000004                   : i2c.obj (.text:I2CMasterDataGet)
                  00000b96    00000004                   : i2c.obj (.text:I2CMasterDataPut)
                  00000b9a    00000004     rtsv7M4_T_le_v4SPD16_eabi.lib : pre_init.c.obj (.text:_system_pre_init)
                  00000b9e    00000004                                   : exit.c.obj (.text:abort:abort)

.const     0    00000ba4    000000fc     
                  00000ba4    00000090     driverlib.lib : gpio.obj (.const:g_pui32GPIOBaseAddrs)
                  00000c34    0000006c                   : sysctl.obj (.const:g_pui32Xtals)

.cinit     0    00000000    00000000     UNINITIALIZED

.init_array 
*          0    00000000    00000000     UNINITIALIZED

.stack     0    20000000    00000200     UNINITIALIZED
                  20000000    00000004     rtsv7M4_T_le_v4SPD16_eabi.lib : boot_cortex_m.c.obj (.stack)
                  20000004    000001fc     --HOLE--

__llvm_prf_cnts 
*          0    20000000    00000000     UNINITIALIZED

MODULE SUMMARY

       Module                         code   ro data   rw data
       ------                         ----   -------   -------
    .\
       main.obj                       780    0         0      
       tm4c123gh6pm_startup_ccs.obj   12     620       0      
    +--+------------------------------+------+---------+---------+
       Total:                         792    620       0      
                                                              
    C:/ti/TivaWare_C_Series-2.2.0.295/driverlib/ccs/Debug/driverlib.lib
       sysctl.obj                     638    108       0      
       gpio.obj                       582    144       0      
       uart.obj                       156    0         0      
       i2c.obj                        136    0         0      
    +--+------------------------------+------+---------+---------+
       Total:                         1512   252       0      
                                                              
    C:\ti\ccs1281\ccs\tools\compiler\ti-cgt-arm_20.2.7.LTS\lib\rtsv7M4_T_le_v4SPD16_eabi.lib
       boot_cortex_m.c.obj            44     0         0      
       exit.c.obj                     4      0         0      
       pre_init.c.obj                 4      0         0      
    +--+------------------------------+------+---------+---------+
       Total:                         52     0         0      
                                                              
       Stack:                         0      0         512    
    +--+------------------------------+------+---------+---------+
       Grand Total:                   2356   872       512    


GLOBAL SYMBOLS: SORTED ALPHABETICALLY BY Name 

address   name                   
-------   ----                   
00000b9f  C$$EXIT                
00000a3d  GPIODirModeSet         
00000579  GPIOPadConfigSet       
000008f1  GPIOPinConfigure       
00000ab5  GPIOPinTypeGPIOOutput  
00000acf  GPIOPinTypeI2C         
00000ae5  GPIOPinTypeI2CSCL      
00000afb  GPIOPinTypeUART        
00000b83  GPIOPinWrite           
00000b73  I2CMasterBusy          
00000b8f  I2CMasterControl       
00000b93  I2CMasterDataGet       
00000b97  I2CMasterDataPut       
00000b55  I2CMasterEnable        
00000b11  I2CMasterErr           
0000093d  I2CMasterInitExpClk    
00000b7b  I2CMasterSlaveAddrSet  
0000026d  InitI2C                
000003f1  InitUART               
00000b49  ResetISR               
000006e5  SysCtlClockGet         
000007fd  SysCtlClockSet         
00000b89  SysCtlDelay            
00000a09  SysCtlPeripheralEnable 
000009d1  SysCtlPeripheralReady  
00000b5f  UARTCharGet            
00000b69  UARTCharPut            
00000b3b  UARTCharsAvail         
00000989  UARTConfigSetExpClk    
00000a95  UARTDisable            
00000b27  UARTEnable             
20000200  __STACK_END            
00000200  __STACK_SIZE           
20000200  __STACK_TOP            
ffffffff  __TI_pprof_out_hndl    
ffffffff  __TI_prof_data_size    
ffffffff  __TI_prof_data_start   
00000000  __TI_static_base__     
ffffffff  __binit__              
ffffffff  __c_args__             
UNDEFED   __mpu_init             
20000000  __stack                
20000000  __start___llvm_prf_cnts
20000000  __stop___llvm_prf_cnts 
00000a69  _c_int00_noinit_noargs 
00000b9b  _system_pre_init       
00000b9f  abort                  
000002c1  addressExists          
ffffffff  binit                  
000004cd  blinkLED               
00000000  g_pfnVectors           
00000439  getCommand             
00000487  loop                   
00000509  main                   
00000397  readRegisterI2C        
000002f5  scanI2CAddress         
00000343  writeRegisterI2C       


GLOBAL SYMBOLS: SORTED BY Symbol Address 

address   name                   
-------   ----                   
00000000  __TI_static_base__     
00000000  g_pfnVectors           
00000200  __STACK_SIZE           
0000026d  InitI2C                
000002c1  addressExists          
000002f5  scanI2CAddress         
00000343  writeRegisterI2C       
00000397  readRegisterI2C        
000003f1  InitUART               
00000439  getCommand             
00000487  loop                   
000004cd  blinkLED               
00000509  main                   
00000579  GPIOPadConfigSet       
000006e5  SysCtlClockGet         
000007fd  SysCtlClockSet         
000008f1  GPIOPinConfigure       
0000093d  I2CMasterInitExpClk    
00000989  UARTConfigSetExpClk    
000009d1  SysCtlPeripheralReady  
00000a09  SysCtlPeripheralEnable 
00000a3d  GPIODirModeSet         
00000a69  _c_int00_noinit_noargs 
00000a95  UARTDisable            
00000ab5  GPIOPinTypeGPIOOutput  
00000acf  GPIOPinTypeI2C         
00000ae5  GPIOPinTypeI2CSCL      
00000afb  GPIOPinTypeUART        
00000b11  I2CMasterErr           
00000b27  UARTEnable             
00000b3b  UARTCharsAvail         
00000b49  ResetISR               
00000b55  I2CMasterEnable        
00000b5f  UARTCharGet            
00000b69  UARTCharPut            
00000b73  I2CMasterBusy          
00000b7b  I2CMasterSlaveAddrSet  
00000b83  GPIOPinWrite           
00000b89  SysCtlDelay            
00000b8f  I2CMasterControl       
00000b93  I2CMasterDataGet       
00000b97  I2CMasterDataPut       
00000b9b  _system_pre_init       
00000b9f  C$$EXIT                
00000b9f  abort                  
20000000  __stack                
20000000  __start___llvm_prf_cnts
20000000  __stop___llvm_prf_cnts 
20000200  __STACK_END            
20000200  __STACK_TOP            
ffffffff  __TI_pprof_out_hndl    
ffffffff  __TI_prof_data_size    
ffffffff  __TI_prof_data_start   
ffffffff  __binit__              
ffffffff  __c_args__             
ffffffff  binit                  
UNDEFED   __mpu_init             

[57 symbols]
